// Jest Snapshot v1, https://goo.gl/fbAQLP

exports[`Button should render a Button with icon 1`] = `
.c0 {
  font-family: Poppins,sans-serif;
  cursor: pointer;
  display: -webkit-inline-box;
  display: -webkit-inline-flex;
  display: -ms-inline-flexbox;
  display: inline-flex;
  -webkit-align-items: center;
  -webkit-box-align: center;
  -ms-flex-align: center;
  align-items: center;
  -webkit-box-pack: center;
  -webkit-justify-content: center;
  -ms-flex-pack: center;
  justify-content: center;
  -webkit-transition: 0.25s cubic-bezier(0.17,0.67,0.52,0.97);
  transition: 0.25s cubic-bezier(0.17,0.67,0.52,0.97);
  -webkit-tap-highlight-color: rgba(255,255,255,0);
  background: #D4EE5E;
  border: 0;
  color: #424649;
  font-size: 18px;
  border-radius: 6px;
  font-weight: 500;
  padding: 10px 35px;
  min-height: 50px;
  min-width: 50px;
  text-transform: initial;
  -webkit-transform: translateY(-1px);
  -ms-transform: translateY(-1px);
  transform: translateY(-1px);
}

.c0:hover:enabled {
  box-shadow: 0 7px 14px rgba(50,50,93,.1),0 3px 6px rgba(0,0,0,.08);
}

.c0:focus {
  outline: 0;
}

.c0:disabled {
  opacity: 0.5;
  cursor: not-allowed;
}

.c0:active:enabled {
  -webkit-transform: translateY(1px);
  -ms-transform: translateY(1px);
  transform: translateY(1px);
}

.c0:hover {
  -webkit-transform: translateY(-5px);
  -ms-transform: translateY(-5px);
  transform: translateY(-5px);
}

.c0:hover:after {
  bottom: -10px;
}

.c0:not(:last-child) {
  margin: 0 10px 0 0;
}

<button
  className="c0"
  color="nori"
  data-cy="button"
  shape="default"
  size="medium"
  type="wasabi"
/>
`;

exports[`Button should render a Button with no icon 1`] = `
.c0 {
  font-family: Poppins,sans-serif;
  cursor: pointer;
  display: -webkit-inline-box;
  display: -webkit-inline-flex;
  display: -ms-inline-flexbox;
  display: inline-flex;
  -webkit-align-items: center;
  -webkit-box-align: center;
  -ms-flex-align: center;
  align-items: center;
  -webkit-box-pack: center;
  -webkit-justify-content: center;
  -ms-flex-pack: center;
  justify-content: center;
  -webkit-transition: 0.25s cubic-bezier(0.17,0.67,0.52,0.97);
  transition: 0.25s cubic-bezier(0.17,0.67,0.52,0.97);
  -webkit-tap-highlight-color: rgba(255,255,255,0);
  background: #D4EE5E;
  border: 0;
  color: #424649;
  font-size: 18px;
  border-radius: 6px;
  font-weight: 500;
  padding: 10px 35px;
  min-height: 50px;
  min-width: 50px;
  text-transform: initial;
  -webkit-transform: translateY(-1px);
  -ms-transform: translateY(-1px);
  transform: translateY(-1px);
}

.c0:hover:enabled {
  box-shadow: 0 7px 14px rgba(50,50,93,.1),0 3px 6px rgba(0,0,0,.08);
}

.c0:focus {
  outline: 0;
}

.c0:disabled {
  opacity: 0.5;
  cursor: not-allowed;
}

.c0:active:enabled {
  -webkit-transform: translateY(1px);
  -ms-transform: translateY(1px);
  transform: translateY(1px);
}

.c0:hover {
  -webkit-transform: translateY(-5px);
  -ms-transform: translateY(-5px);
  transform: translateY(-5px);
}

.c0:hover:after {
  bottom: -10px;
}

.c0:not(:last-child) {
  margin: 0 10px 0 0;
}

<button
  className="c0"
  color="nori"
  data-cy="button"
  shape="default"
  size="medium"
  type="wasabi"
/>
`;
