// Jest Snapshot v1, https://goo.gl/fbAQLP

exports[`Card renders correctly 1`] = `
initialize {
  "0": Object {
    "attribs": Object {
      "class": "styles__CardContainer-sc-1ylq150-0 HsBeW",
      "color": "white",
      "style": "padding:0",
    },
    "children": Array [
      Object {
        "attribs": Object {
          "class": "styles__Image-sc-1ylq150-2 jqhOZa",
          "style": "margin:0;padding:0;background-size:cover;border-radius:5px",
        },
        "children": Array [],
        "name": "div",
        "namespace": "http://www.w3.org/1999/xhtml",
        "next": null,
        "parent": [Circular],
        "prev": null,
        "type": "tag",
        "x-attribsNamespace": Object {
          "class": undefined,
          "style": undefined,
        },
        "x-attribsPrefix": Object {
          "class": undefined,
          "style": undefined,
        },
      },
    ],
    "name": "div",
    "namespace": "http://www.w3.org/1999/xhtml",
    "next": null,
    "parent": null,
    "prev": null,
    "root": Object {
      "attribs": Object {},
      "children": Array [
        [Circular],
      ],
      "name": "root",
      "namespace": "http://www.w3.org/1999/xhtml",
      "next": null,
      "parent": null,
      "prev": null,
      "type": "root",
      "x-attribsNamespace": Object {},
      "x-attribsPrefix": Object {},
    },
    "type": "tag",
    "x-attribsNamespace": Object {
      "class": undefined,
      "color": undefined,
      "style": undefined,
    },
    "x-attribsPrefix": Object {
      "class": undefined,
      "color": undefined,
      "style": undefined,
    },
  },
  "_root": [Circular],
  "length": 1,
  "options": Object {
    "decodeEntities": true,
    "normalizeWhitespace": false,
    "withDomLvl1": true,
    "xml": false,
  },
}
`;
